// Jest Snapshot v1, https://goo.gl/fbAQLP

exports[`renders correctly 1`] = `
<Text
  accessible={true}
  allowFontScaling={true}
  ellipsizeMode="tail"
  style={
    Array [
      Object {
        "color": "#000",
        "fontFamily": "System",
        "fontSize": 16,
      },
      undefined,
      Object {
        "fontFamily": "open-sans",
      },
    ]
  }
  uppercase={false}
>
  Snapshot test!
</Text>
`;
